Archive member included to satisfy reference by file (symbol)

C:/ST/STM32CubeIDE_1.10.1/STM32CubeIDE/plugins/com.st.stm32cube.ide.mcu.externaltools.gnu-tools-for-stm32.12.3.rel1.win32_1.0.200.202406191623/tools/bin/../lib/gcc/arm-none-eabi/12.3.1/../../../../arm-none-eabi/lib/thumb/v7-m/nofp\libc_nano.a(libc_a-exit.o)
                              C:/ST/STM32CubeIDE_1.10.1/STM32CubeIDE/plugins/com.st.stm32cube.ide.mcu.externaltools.gnu-tools-for-stm32.12.3.rel1.win32_1.0.200.202406191623/tools/bin/../lib/gcc/arm-none-eabi/12.3.1/../../../../arm-none-eabi/lib/thumb/v7-m/nofp/crt0.o (exit)
C:/ST/STM32CubeIDE_1.10.1/STM32CubeIDE/plugins/com.st.stm32cube.ide.mcu.externaltools.gnu-tools-for-stm32.12.3.rel1.win32_1.0.200.202406191623/tools/bin/../lib/gcc/arm-none-eabi/12.3.1/../../../../arm-none-eabi/lib/thumb/v7-m/nofp\libc_nano.a(libc_a-itoa.o)
                              ./Core/Src/main.o (itoa)
C:/ST/STM32CubeIDE_1.10.1/STM32CubeIDE/plugins/com.st.stm32cube.ide.mcu.externaltools.gnu-tools-for-stm32.12.3.rel1.win32_1.0.200.202406191623/tools/bin/../lib/gcc/arm-none-eabi/12.3.1/../../../../arm-none-eabi/lib/thumb/v7-m/nofp\libc_nano.a(libc_a-utoa.o)
                              C:/ST/STM32CubeIDE_1.10.1/STM32CubeIDE/plugins/com.st.stm32cube.ide.mcu.externaltools.gnu-tools-for-stm32.12.3.rel1.win32_1.0.200.202406191623/tools/bin/../lib/gcc/arm-none-eabi/12.3.1/../../../../arm-none-eabi/lib/thumb/v7-m/nofp\libc_nano.a(libc_a-itoa.o) (__utoa)
C:/ST/STM32CubeIDE_1.10.1/STM32CubeIDE/plugins/com.st.stm32cube.ide.mcu.externaltools.gnu-tools-for-stm32.12.3.rel1.win32_1.0.200.202406191623/tools/bin/../lib/gcc/arm-none-eabi/12.3.1/../../../../arm-none-eabi/lib/thumb/v7-m/nofp\libc_nano.a(libc_a-findfp.o)
                              C:/ST/STM32CubeIDE_1.10.1/STM32CubeIDE/plugins/com.st.stm32cube.ide.mcu.externaltools.gnu-tools-for-stm32.12.3.rel1.win32_1.0.200.202406191623/tools/bin/../lib/gcc/arm-none-eabi/12.3.1/../../../../arm-none-eabi/lib/thumb/v7-m/nofp\libc_nano.a(libc_a-exit.o) (__stdio_exit_handler)
C:/ST/STM32CubeIDE_1.10.1/STM32CubeIDE/plugins/com.st.stm32cube.ide.mcu.externaltools.gnu-tools-for-stm32.12.3.rel1.win32_1.0.200.202406191623/tools/bin/../lib/gcc/arm-none-eabi/12.3.1/../../../../arm-none-eabi/lib/thumb/v7-m/nofp\libc_nano.a(libc_a-fwalk.o)
                              C:/ST/STM32CubeIDE_1.10.1/STM32CubeIDE/plugins/com.st.stm32cube.ide.mcu.externaltools.gnu-tools-for-stm32.12.3.rel1.win32_1.0.200.202406191623/tools/bin/../lib/gcc/arm-none-eabi/12.3.1/../../../../arm-none-eabi/lib/thumb/v7-m/nofp\libc_nano.a(libc_a-findfp.o) (_fwalk_sglue)
C:/ST/STM32CubeIDE_1.10.1/STM32CubeIDE/plugins/com.st.stm32cube.ide.mcu.externaltools.gnu-tools-for-stm32.12.3.rel1.win32_1.0.200.202406191623/tools/bin/../lib/gcc/arm-none-eabi/12.3.1/../../../../arm-none-eabi/lib/thumb/v7-m/nofp\libc_nano.a(libc_a-stdio.o)
                              C:/ST/STM32CubeIDE_1.10.1/STM32CubeIDE/plugins/com.st.stm32cube.ide.mcu.externaltools.gnu-tools-for-stm32.12.3.rel1.win32_1.0.200.202406191623/tools/bin/../lib/gcc/arm-none-eabi/12.3.1/../../../../arm-none-eabi/lib/thumb/v7-m/nofp\libc_nano.a(libc_a-findfp.o) (__sread)
C:/ST/STM32CubeIDE_1.10.1/STM32CubeIDE/plugins/com.st.stm32cube.ide.mcu.externaltools.gnu-tools-for-stm32.12.3.rel1.win32_1.0.200.202406191623/tools/bin/../lib/gcc/arm-none-eabi/12.3.1/../../../../arm-none-eabi/lib/thumb/v7-m/nofp\libc_nano.a(libc_a-memset.o)
                              C:/ST/STM32CubeIDE_1.10.1/STM32CubeIDE/plugins/com.st.stm32cube.ide.mcu.externaltools.gnu-tools-for-stm32.12.3.rel1.win32_1.0.200.202406191623/tools/bin/../lib/gcc/arm-none-eabi/12.3.1/../../../../arm-none-eabi/lib/thumb/v7-m/nofp/crt0.o (memset)
C:/ST/STM32CubeIDE_1.10.1/STM32CubeIDE/plugins/com.st.stm32cube.ide.mcu.externaltools.gnu-tools-for-stm32.12.3.rel1.win32_1.0.200.202406191623/tools/bin/../lib/gcc/arm-none-eabi/12.3.1/../../../../arm-none-eabi/lib/thumb/v7-m/nofp\libc_nano.a(libc_a-closer.o)
                              C:/ST/STM32CubeIDE_1.10.1/STM32CubeIDE/plugins/com.st.stm32cube.ide.mcu.externaltools.gnu-tools-for-stm32.12.3.rel1.win32_1.0.200.202406191623/tools/bin/../lib/gcc/arm-none-eabi/12.3.1/../../../../arm-none-eabi/lib/thumb/v7-m/nofp\libc_nano.a(libc_a-stdio.o) (_close_r)
C:/ST/STM32CubeIDE_1.10.1/STM32CubeIDE/plugins/com.st.stm32cube.ide.mcu.externaltools.gnu-tools-for-stm32.12.3.rel1.win32_1.0.200.202406191623/tools/bin/../lib/gcc/arm-none-eabi/12.3.1/../../../../arm-none-eabi/lib/thumb/v7-m/nofp\libc_nano.a(libc_a-reent.o)
                              C:/ST/STM32CubeIDE_1.10.1/STM32CubeIDE/plugins/com.st.stm32cube.ide.mcu.externaltools.gnu-tools-for-stm32.12.3.rel1.win32_1.0.200.202406191623/tools/bin/../lib/gcc/arm-none-eabi/12.3.1/../../../../arm-none-eabi/lib/thumb/v7-m/nofp\libc_nano.a(libc_a-closer.o) (errno)
[...]
Memory Configuration

Name             Origin             Length             Attributes
RAM              0x20000000         0x00005000         xrw
FLASH            0x08000000         0x00010000         xr
*default*        0x00000000         0xffffffff

Linker script and memory map

LOAD C:/ST/STM32CubeIDE_1.10.1/STM32CubeIDE/plugins/com.st.stm32cube.ide.mcu.externaltools.gnu-tools-for-stm32.12.3.rel1.win32_1.0.200.202406191623/tools/bin/../lib/gcc/arm-none-eabi/12.3.1/thumb/v7-m/nofp/crti.o
LOAD C:/ST/STM32CubeIDE_1.10.1/STM32CubeIDE/plugins/com.st.stm32cube.ide.mcu.externaltools.gnu-tools-for-stm32.12.3.rel1.win32_1.0.200.202406191623/tools/bin/../lib/gcc/arm-none-eabi/12.3.1/thumb/v7-m/nofp/crtbegin.o
LOAD C:/ST/STM32CubeIDE_1.10.1/STM32CubeIDE/plugins/com.st.stm32cube.ide.mcu.externaltools.gnu-tools-for-stm32.12.3.rel1.win32_1.0.200.202406191623/tools/bin/../lib/gcc/arm-none-eabi/12.3.1/../../../../arm-none-eabi/lib/thumb/v7-m/nofp/crt0.o
LOAD ./Core/Src/GFX_FUNCTIONS.o
LOAD ./Core/Src/ST7735.o
LOAD ./Core/Src/fonts.o
LOAD ./Core/Src/main.o
LOAD ./Core/Src/stm32f1xx_hal_msp.o
LOAD ./Core/Src/stm32f1xx_it.o
LOAD ./Core/Src/syscalls.o
LOAD ./Core/Src/sysmem.o
LOAD ./Core/Src/system_stm32f1xx.o
LOAD ./Core/Startup/startup_stm32f103c8tx.o
LOAD ./Drivers/STM32F1xx_HAL_Driver/Src/stm32f1xx_hal.o
LOAD ./Drivers/STM32F1xx_HAL_Driver/Src/stm32f1xx_hal_adc.o
LOAD ./Drivers/STM32F1xx_HAL_Driver/Src/stm32f1xx_hal_adc_ex.o
LOAD ./Drivers/STM32F1xx_HAL_Driver/Src/stm32f1xx_hal_cortex.o
LOAD ./Drivers/STM32F1xx_HAL_Driver/Src/stm32f1xx_hal_dma.o
LOAD ./Drivers/STM32F1xx_HAL_Driver/Src/stm32f1xx_hal_exti.o
LOAD ./Drivers/STM32F1xx_HAL_Driver/Src/stm32f1xx_hal_flash.o
LOAD ./Drivers/STM32F1xx_HAL_Driver/Src/stm32f1xx_hal_flash_ex.o
LOAD ./Drivers/STM32F1xx_HAL_Driver/Src/stm32f1xx_hal_gpio.o
LOAD ./Drivers/STM32F1xx_HAL_Driver/Src/stm32f1xx_hal_gpio_ex.o
LOAD ./Drivers/STM32F1xx_HAL_Driver/Src/stm32f1xx_hal_pwr.o
LOAD ./Drivers/STM32F1xx_HAL_Driver/Src/stm32f1xx_hal_rcc.o
LOAD ./Drivers/STM32F1xx_HAL_Driver/Src/stm32f1xx_hal_rcc_ex.o
LOAD ./Drivers/STM32F1xx_HAL_Driver/Src/stm32f1xx_hal_spi.o
LOAD ./Drivers/STM32F1xx_HAL_Driver/Src/stm32f1xx_hal_tim.o
LOAD ./Drivers/STM32F1xx_HAL_Driver/Src/stm32f1xx_hal_tim_ex.o
LOAD ./Drivers/STM32F1xx_HAL_Driver/Src/stm32f1xx_hal_uart.o
START GROUP
LOAD C:/ST/STM32CubeIDE_1.10.1/STM32CubeIDE/plugins/com.st.stm32cube.ide.mcu.externaltools.gnu-tools-for-stm32.12.3.rel1.win32_1.0.200.202406191623/tools/bin/../lib/gcc/arm-none-eabi/12.3.1/../../../../arm-none-eabi/lib/thumb/v7-m/nofp\libc_nano.a
LOAD C:/ST/STM32CubeIDE_1.10.1/STM32CubeIDE/plugins/com.st.stm32cube.ide.mcu.externaltools.gnu-tools-for-stm32.12.3.rel1.win32_1.0.200.202406191623/tools/bin/../lib/gcc/arm-none-eabi/12.3.1/../../../../arm-none-eabi/lib/thumb/v7-m/nofp\libm.a
END GROUP
START GROUP
LOAD C:/ST/STM32CubeIDE_1.10.1/STM32CubeIDE/plugins/com.st.stm32cube.ide.mcu.externaltools.gnu-tools-for-stm32.12.3.rel1.win32_1.0.200.202406191623/tools/bin/../lib/gcc/arm-none-eabi/12.3.1/thumb/v7-m/nofp\libgcc.a
LOAD C:/ST/STM32CubeIDE_1.10.1/STM32CubeIDE/plugins/com.st.stm32cube.ide.mcu.externaltools.gnu-tools-for-stm32.12.3.rel1.win32_1.0.200.202406191623/tools/bin/../lib/gcc/arm-none-eabi/12.3.1/../../../../arm-none-eabi/lib/thumb/v7-m/nofp\libc_nano.a
END GROUP
START GROUP
LOAD C:/ST/STM32CubeIDE_1.10.1/STM32CubeIDE/plugins/com.st.stm32cube.ide.mcu.externaltools.gnu-tools-for-stm32.12.3.rel1.win32_1.0.200.202406191623/tools/bin/../lib/gcc/arm-none-eabi/12.3.1/thumb/v7-m/nofp\libgcc.a
LOAD C:/ST/STM32CubeIDE_1.10.1/STM32CubeIDE/plugins/com.st.stm32cube.ide.mcu.externaltools.gnu-tools-for-stm32.12.3.rel1.win32_1.0.200.202406191623/tools/bin/../lib/gcc/arm-none-eabi/12.3.1/../../../../arm-none-eabi/lib/thumb/v7-m/nofp\libc_nano.a
LOAD C:/ST/STM32CubeIDE_1.10.1/STM32CubeIDE/plugins/com.st.stm32cube.ide.mcu.externaltools.gnu-tools-for-stm32.12.3.rel1.win32_1.0.200.202406191623/tools/bin/../lib/gcc/arm-none-eabi/12.3.1/../../../../arm-none-eabi/lib/thumb/v7-m/nofp\libnosys.a
END GROUP
START GROUP
LOAD C:/ST/STM32CubeIDE_1.10.1/STM32CubeIDE/plugins/com.st.stm32cube.ide.mcu.externaltools.gnu-tools-for-stm32.12.3.rel1.win32_1.0.200.202406191623/tools/bin/../lib/gcc/arm-none-eabi/12.3.1/thumb/v7-m/nofp\libgcc.a
LOAD C:/ST/STM32CubeIDE_1.10.1/STM32CubeIDE/plugins/com.st.stm32cube.ide.mcu.externaltools.gnu-tools-for-stm32.12.3.rel1.win32_1.0.200.202406191623/tools/bin/../lib/gcc/arm-none-eabi/12.3.1/../../../../arm-none-eabi/lib/thumb/v7-m/nofp\libc_nano.a
LOAD C:/ST/STM32CubeIDE_1.10.1/STM32CubeIDE/plugins/com.st.stm32cube.ide.mcu.externaltools.gnu-tools-for-stm32.12.3.rel1.win32_1.0.200.202406191623/tools/bin/../lib/gcc/arm-none-eabi/12.3.1/../../../../arm-none-eabi/lib/thumb/v7-m/nofp\libnosys.a
END GROUP
LOAD C:/ST/STM32CubeIDE_1.10.1/STM32CubeIDE/plugins/com.st.stm32cube.ide.mcu.externaltools.gnu-tools-for-stm32.12.3.rel1.win32_1.0.200.202406191623/tools/bin/../lib/gcc/arm-none-eabi/12.3.1/thumb/v7-m/nofp/crtend.o
LOAD C:/ST/STM32CubeIDE_1.10.1/STM32CubeIDE/plugins/com.st.stm32cube.ide.mcu.externaltools.gnu-tools-for-stm32.12.3.rel1.win32_1.0.200.202406191623/tools/bin/../lib/gcc/arm-none-eabi/12.3.1/thumb/v7-m/nofp/crtn.o
                0x20005000                        _estack = (ORIGIN (RAM) + LENGTH (RAM))
                0x00000200                        _Min_Heap_Size = 0x200
                0x00000400                        _Min_Stack_Size = 0x400

.isr_vector     0x08000000      0x10c
                0x08000000                        . = ALIGN (0x4)
 *(.isr_vector)
 .isr_vector    0x08000000      0x10c ./Core/Startup/startup_stm32f103c8tx.o
                0x08000000                g_pfnVectors
                0x0800010c                        . = ALIGN (0x4)

.text           0x0800010c     0x4d88
                0x0800010c                        . = ALIGN (0x4)
 *(.text)
 .text          0x0800010c       0x40 C:/ST/STM32CubeIDE_1.10.1/STM32CubeIDE/plugins/com.st.stm32cube.ide.mcu.externaltools.gnu-tools-for-stm32.12.3.rel1.win32_1.0.200.202406191623/tools/bin/../lib/gcc/arm-none-eabi/12.3.1/thumb/v7-m/nofp/crtbegin.o
 *(.text*)
 .text.drawPixel
                0x0800014c       0x26 ./Core/Src/GFX_FUNCTIONS.o
                0x0800014c                drawPixel
 .text.fillRect
                0x08000172       0x38 ./Core/Src/GFX_FUNCTIONS.o
                0x08000172                fillRect
 .text.writePixel
                0x080001aa       0x2a ./Core/Src/GFX_FUNCTIONS.o
                0x080001aa                writePixel
 .text.writeLine
                0x080001d4      0x144 ./Core/Src/GFX_FUNCTIONS.o
                0x080001d4                writeLine
 .text.drawFastVLine
                0x08000318       0x4a ./Core/Src/GFX_FUNCTIONS.o
                0x08000318                drawFastVLine
 .text.drawFastHLine
                0x08000362       0x4a ./Core/Src/GFX_FUNCTIONS.o
                0x08000362                drawFastHLine
 .text.drawCircleHelper
                0x080003ac      0x1a8 ./Core/Src/GFX_FUNCTIONS.o
                0x080003ac                drawCircleHelper
 .text.fillCircleHelper
                0x08000554      0x19c ./Core/Src/GFX_FUNCTIONS.o
                0x08000554                fillCircleHelper
 .text.fillCircle
                0x080006f0       0x60 ./Core/Src/GFX_FUNCTIONS.o
                0x080006f0                fillCircle
 .text.drawRoundRect
                0x08000750      0x19a ./Core/Src/GFX_FUNCTIONS.o
                0x08000750                drawRoundRect
 *fill*         0x080008ea        0x2 
 .text.fillScreen
                0x080008ec       0x34 ./Core/Src/GFX_FUNCTIONS.o
                0x080008ec                fillScreen
 .text.ST7735_Select
                0x08000920       0x18 ./Core/Src/ST7735.o
                0x08000920                ST7735_Select
 .text.ST7735_Unselect
                0x08000938       0x18 ./Core/Src/ST7735.o
                0x08000938                ST7735_Unselect
 .text.ST7735_Reset
                0x08000950       0x28 ./Core/Src/ST7735.o
                0x08000950                ST7735_Reset
 .text.ST7735_WriteCommand
                0x08000978       0x34 ./Core/Src/ST7735.o
                0x08000978                ST7735_WriteCommand
 .text.ST7735_WriteData
                0x080009ac       0x34 ./Core/Src/ST7735.o
                0x080009ac                ST7735_WriteData
 .text.DisplayInit
                0x080009e0       0x92 ./Core/Src/ST7735.o
                0x080009e0                DisplayInit
 *fill*         0x08000a72        0x2 
 .text.ST7735_SetAddressWindow
                0x08000a74       0x90 ./Core/Src/ST7735.o
                0x08000a74                ST7735_SetAddressWindow
 .text.ST7735_Init
                0x08000b04       0x58 ./Core/Src/ST7735.o
                0x08000b04                ST7735_Init
 .text.ST7735_SetRotation
                0x08000b5c      0x100 ./Core/Src/ST7735.o
                0x08000b5c                ST7735_SetRotation
 .text.ST7735_DrawPixel
                0x08000c5c       0x7c ./Core/Src/ST7735.o
                0x08000c5c                ST7735_DrawPixel
 .text.ST7735_WriteChar
                0x08000cd8       0xee ./Core/Src/ST7735.o
                0x08000cd8                ST7735_WriteChar
 *fill*         0x08000dc6        0x2 
 .text.ST7735_WriteString
                0x08000dc8       0xa8 ./Core/Src/ST7735.o
                0x08000dc8                ST7735_WriteString
 .text.ST7735_FillRectangle
                0x08000e70      0x110 ./Core/Src/ST7735.o
                0x08000e70                ST7735_FillRectangle
 .text.main     0x08000f80      0x108 ./Core/Src/main.o
                0x08000f80                main
 .text.SystemClock_Config
                0x08001088       0xb6 ./Core/Src/main.o
                0x08001088                SystemClock_Config
 *fill*         0x0800113e        0x2 
 .text.MX_ADC1_Init
                0x08001140       0x7c ./Core/Src/main.o
 .text.MX_ADC2_Init
                0x080011bc       0x7c ./Core/Src/main.o
 .text.MX_SPI1_Init
                0x08001238       0x70 ./Core/Src/main.o
 .text.MX_TIM2_Init
                0x080012a8       0x98 ./Core/Src/main.o
 .text.MX_USART3_UART_Init
                0x08001340       0x58 ./Core/Src/main.o
 .text.MX_GPIO_Init
                0x08001398      0x130 ./Core/Src/main.o
 .text.plotConfig
                0x080014c8       0xf8 ./Core/Src/main.o
                0x080014c8                plotConfig
 .text.plotResolucion
                0x080015c0       0xa4 ./Core/Src/main.o
                0x080015c0                plotResolucion
 .text.plotTrigger
                0x08001664       0x58 ./Core/Src/main.o
                0x08001664                plotTrigger
 .text.plotMuestras
                0x080016bc       0x58 ./Core/Src/main.o
                0x080016bc                plotMuestras
 .text.HAL_GPIO_EXTI_Callback
                0x08001714       0x64 ./Core/Src/main.o
                0x08001714                HAL_GPIO_EXTI_Callback
 .text.HAL_TIM_PeriodElapsedCallback
                0x08001778       0x7c ./Core/Src/main.o
                0x08001778                HAL_TIM_PeriodElapsedCallback
 .text.ADC_Conversion
                0x080017f4       0xa8 ./Core/Src/main.o
                0x080017f4                ADC_Conversion
 .text.Swap_Buffer
                0x0800189c       0x4c ./Core/Src/main.o
                0x0800189c                Swap_Buffer
 .text.UART_TX_PING
                0x080018e8       0x1c ./Core/Src/main.o
                0x080018e8                UART_TX_PING
 .text.UART_TX_PONG
                0x08001904       0x1c ./Core/Src/main.o
                0x08001904                UART_TX_PONG
 .text.fsm      0x08001920      0x384 ./Core/Src/main.o
                0x08001920                fsm
 .text.Error_Handler
                0x08001ca4        0xc ./Core/Src/main.o
                0x08001ca4                Error_Handler
 .text.HAL_MspInit
                0x08001cb0       0x64 ./Core/Src/stm32f1xx_hal_msp.o
                0x08001cb0                HAL_MspInit
 .text.HAL_ADC_MspInit
                0x08001d14       0xec ./Core/Src/stm32f1xx_hal_msp.o
                0x08001d14                HAL_ADC_MspInit
 .text.HAL_SPI_MspInit
                0x08001e00       0x9c ./Core/Src/stm32f1xx_hal_msp.o
                0x08001e00                HAL_SPI_MspInit
 .text.HAL_TIM_Base_MspInit
                0x08001e9c       0x48 ./Core/Src/stm32f1xx_hal_msp.o
                0x08001e9c                HAL_TIM_Base_MspInit
 .text.HAL_UART_MspInit
                0x08001ee4       0x98 ./Core/Src/stm32f1xx_hal_msp.o
                0x08001ee4                HAL_UART_MspInit
 .text.NMI_Handler
                0x08001f7c        0x8 ./Core/Src/stm32f1xx_it.o
                0x08001f7c                NMI_Handler
 .text.HardFault_Handler
                0x08001f84        0x8 ./Core/Src/stm32f1xx_it.o
                0x08001f84                HardFault_Handler
 .text.MemManage_Handler
                0x08001f8c        0x8 ./Core/Src/stm32f1xx_it.o
                0x08001f8c                MemManage_Handler
 .text.BusFault_Handler
                0x08001f94        0x8 ./Core/Src/stm32f1xx_it.o
                0x08001f94                BusFault_Handler
 .text.UsageFault_Handler
                0x08001f9c        0x8 ./Core/Src/stm32f1xx_it.o
                0x08001f9c                UsageFault_Handler
 .text.SVC_Handler
                0x08001fa4        0xc ./Core/Src/stm32f1xx_it.o
                0x08001fa4                SVC_Handler
 .text.DebugMon_Handler
                0x08001fb0        0xc ./Core/Src/stm32f1xx_it.o
                0x08001fb0                DebugMon_Handler
 .text.PendSV_Handler
                0x08001fbc        0xc ./Core/Src/stm32f1xx_it.o
                0x08001fbc                PendSV_Handler
 .text.SysTick_Handler
                0x08001fc8        0xc ./Core/Src/stm32f1xx_it.o
                0x08001fc8                SysTick_Handler
 .text.ADC1_2_IRQHandler
                0x08001fd4       0x1c ./Core/Src/stm32f1xx_it.o
                0x08001fd4                ADC1_2_IRQHandler
 .text.EXTI9_5_IRQHandler
                0x08001ff0       0x1a ./Core/Src/stm32f1xx_it.o
                0x08001ff0                EXTI9_5_IRQHandler
 *fill*         0x0800200a        0x2 
 .text.TIM2_IRQHandler
                0x0800200c       0x14 ./Core/Src/stm32f1xx_it.o
                0x0800200c                TIM2_IRQHandler
 .text.SystemInit
                0x08002020        0xc ./Core/Src/system_stm32f1xx.o
                0x08002020                SystemInit
 .text.Reset_Handler
                0x0800202c       0x48 ./Core/Startup/startup_stm32f103c8tx.o
                0x0800202c                Reset_Handler
 .text.Default_Handler
                0x08002074        0x2 ./Core/Startup/startup_stm32f103c8tx.o
                0x08002074                RTC_Alarm_IRQHandler
                0x08002074                EXTI2_IRQHandler
                0x08002074                TIM1_CC_IRQHandler
                0x08002074                PVD_IRQHandler
                0x08002074                EXTI3_IRQHandler
                0x08002074                EXTI0_IRQHandler
                0x08002074                I2C2_EV_IRQHandler
                0x08002074                SPI1_IRQHandler
                0x08002074                TAMPER_IRQHandler
                0x08002074                DMA1_Channel4_IRQHandler
                0x08002074                USART3_IRQHandler
                0x08002074                RTC_IRQHandler
                0x08002074                DMA1_Channel7_IRQHandler
                0x08002074                CAN1_RX1_IRQHandler
                0x08002074                TIM4_IRQHandler
                0x08002074                I2C1_EV_IRQHandler
                0x08002074                DMA1_Channel6_IRQHandler
                0x08002074                TIM3_IRQHandler
                0x08002074                RCC_IRQHandler
                0x08002074                TIM1_TRG_COM_IRQHandler
                0x08002074                DMA1_Channel1_IRQHandler
                0x08002074                Default_Handler
                0x08002074                EXTI15_10_IRQHandler
                0x08002074                SPI2_IRQHandler
                0x08002074                DMA1_Channel5_IRQHandler
                0x08002074                EXTI4_IRQHandler
                0x08002074                USB_LP_CAN1_RX0_IRQHandler
                0x08002074                USB_HP_CAN1_TX_IRQHandler
                0x08002074                DMA1_Channel3_IRQHandler
                0x08002074                TIM1_UP_IRQHandler
                0x08002074                WWDG_IRQHandler
                0x08002074                TIM1_BRK_IRQHandler
                0x08002074                EXTI1_IRQHandler
                0x08002074                USART2_IRQHandler
                0x08002074                I2C2_ER_IRQHandler
                0x08002074                DMA1_Channel2_IRQHandler
                0x08002074                CAN1_SCE_IRQHandler
                0x08002074                FLASH_IRQHandler
                0x08002074                USART1_IRQHandler
                0x08002074                I2C1_ER_IRQHandler
                0x08002074                USBWakeUp_IRQHandler
 *fill*         0x08002076        0x2 
 .text.HAL_Init
                0x08002078       0x2c ./Drivers/STM32F1xx_HAL_Driver/Src/stm32f1xx_hal.o
                0x08002078                HAL_Init
 .text.HAL_InitTick
                0x080020a4       0x60 ./Drivers/STM32F1xx_HAL_Driver/Src/stm32f1xx_hal.o
                0x080020a4                HAL_InitTick
 .text.HAL_IncTick
                0x08002104       0x24 ./Drivers/STM32F1xx_HAL_Driver/Src/stm32f1xx_hal.o
                0x08002104                HAL_IncTick
 .text.HAL_GetTick
                0x08002128       0x14 ./Drivers/STM32F1xx_HAL_Driver/Src/stm32f1xx_hal.o
                0x08002128                HAL_GetTick
 .text.HAL_Delay
                0x0800213c       0x48 ./Drivers/STM32F1xx_HAL_Driver/Src/stm32f1xx_hal.o
                0x0800213c                HAL_Delay
 .text.HAL_ADC_Init
                0x08002184      0x1b0 ./Drivers/STM32F1xx_HAL_Driver/Src/stm32f1xx_hal_adc.o
                0x08002184                HAL_ADC_Init
 .text.HAL_ADC_Start
                0x08002334      0x15c ./Drivers/STM32F1xx_HAL_Driver/Src/stm32f1xx_hal_adc.o
                0x08002334                HAL_ADC_Start
 .text.HAL_ADC_Stop
                0x08002490       0x58 ./Drivers/STM32F1xx_HAL_Driver/Src/stm32f1xx_hal_adc.o
                0x08002490                HAL_ADC_Stop
 .text.HAL_ADC_PollForConversion
                0x080024e8      0x20c ./Drivers/STM32F1xx_HAL_Driver/Src/stm32f1xx_hal_adc.o
                0x080024e8                HAL_ADC_PollForConversion
 .text.HAL_ADC_GetValue
                0x080026f4       0x18 ./Drivers/STM32F1xx_HAL_Driver/Src/stm32f1xx_hal_adc.o
                0x080026f4                HAL_ADC_GetValue
 .text.HAL_ADC_IRQHandler
                0x0800270c      0x17e ./Drivers/STM32F1xx_HAL_Driver/Src/stm32f1xx_hal_adc.o
                0x0800270c                HAL_ADC_IRQHandler
 .text.HAL_ADC_ConvCpltCallback
                0x0800288a       0x12 ./Drivers/STM32F1xx_HAL_Driver/Src/stm32f1xx_hal_adc.o
                0x0800288a                HAL_ADC_ConvCpltCallback
 .text.HAL_ADC_LevelOutOfWindowCallback
                0x0800289c       0x12 ./Drivers/STM32F1xx_HAL_Driver/Src/stm32f1xx_hal_adc.o
                0x0800289c                HAL_ADC_LevelOutOfWindowCallback
 *fill*         0x080028ae        0x2 
 .text.HAL_ADC_ConfigChannel
                0x080028b0      0x1f0 ./Drivers/STM32F1xx_HAL_Driver/Src/stm32f1xx_hal_adc.o
                0x080028b0                HAL_ADC_ConfigChannel
 .text.ADC_Enable
                0x08002aa0       0xb4 ./Drivers/STM32F1xx_HAL_Driver/Src/stm32f1xx_hal_adc.o
                0x08002aa0                ADC_Enable
 .text.ADC_ConversionStop_Disable
                0x08002b54       0x82 ./Drivers/STM32F1xx_HAL_Driver/Src/stm32f1xx_hal_adc.o
                0x08002b54                ADC_ConversionStop_Disable
 .text.HAL_ADCEx_InjectedConvCpltCallback
                0x08002bd6       0x12 ./Drivers/STM32F1xx_HAL_Driver/Src/stm32f1xx_hal_adc_ex.o
                0x08002bd6                HAL_ADCEx_InjectedConvCpltCallback
 .text.__NVIC_SetPriorityGrouping
                0x08002be8       0x48 ./Drivers/STM32F1xx_HAL_Driver/Src/stm32f1xx_hal_cortex.o
 .text.__NVIC_GetPriorityGrouping
                0x08002c30       0x1c ./Drivers/STM32F1xx_HAL_Driver/Src/stm32f1xx_hal_cortex.o
 .text.__NVIC_EnableIRQ
                0x08002c4c       0x38 ./Drivers/STM32F1xx_HAL_Driver/Src/stm32f1xx_hal_cortex.o
 .text.__NVIC_SetPriority
                0x08002c84       0x54 ./Drivers/STM32F1xx_HAL_Driver/Src/stm32f1xx_hal_cortex.o
 .text.NVIC_EncodePriority
                0x08002cd8       0x64 ./Drivers/STM32F1xx_HAL_Driver/Src/stm32f1xx_hal_cortex.o
 .text.SysTick_Config
                0x08002d3c       0x44 ./Drivers/STM32F1xx_HAL_Driver/Src/stm32f1xx_hal_cortex.o
 .text.HAL_NVIC_SetPriorityGrouping
                0x08002d80       0x16 ./Drivers/STM32F1xx_HAL_Driver/Src/stm32f1xx_hal_cortex.o
                0x08002d80                HAL_NVIC_SetPriorityGrouping
 .text.HAL_NVIC_SetPriority
                0x08002d96       0x38 ./Drivers/STM32F1xx_HAL_Driver/Src/stm32f1xx_hal_cortex.o
                0x08002d96                HAL_NVIC_SetPriority
 .text.HAL_NVIC_EnableIRQ
                0x08002dce       0x1c ./Drivers/STM32F1xx_HAL_Driver/Src/stm32f1xx_hal_cortex.o
                0x08002dce                HAL_NVIC_EnableIRQ
 .text.HAL_SYSTICK_Config
                0x08002dea       0x18 ./Drivers/STM32F1xx_HAL_Driver/Src/stm32f1xx_hal_cortex.o
                0x08002dea                HAL_SYSTICK_Config
 *fill*         0x08002e02        0x2 
 .text.HAL_GPIO_Init
                0x08002e04      0x308 ./Drivers/STM32F1xx_HAL_Driver/Src/stm32f1xx_hal_gpio.o
                0x08002e04                HAL_GPIO_Init
 .text.HAL_GPIO_WritePin
                0x0800310c       0x30 ./Drivers/STM32F1xx_HAL_Driver/Src/stm32f1xx_hal_gpio.o
                0x0800310c                HAL_GPIO_WritePin
 .text.HAL_GPIO_TogglePin
                0x0800313c       0x32 ./Drivers/STM32F1xx_HAL_Driver/Src/stm32f1xx_hal_gpio.o
                0x0800313c                HAL_GPIO_TogglePin
 *fill*         0x0800316e        0x2 
 .text.HAL_GPIO_EXTI_IRQHandler
                0x08003170       0x30 ./Drivers/STM32F1xx_HAL_Driver/Src/stm32f1xx_hal_gpio.o
                0x08003170                HAL_GPIO_EXTI_IRQHandler
 .text.HAL_RCC_OscConfig
                0x080031a0      0x504 ./Drivers/STM32F1xx_HAL_Driver/Src/stm32f1xx_hal_rcc.o
                0x080031a0                HAL_RCC_OscConfig
 .text.HAL_RCC_ClockConfig
                0x080036a4      0x1d4 ./Drivers/STM32F1xx_HAL_Driver/Src/stm32f1xx_hal_rcc.o
                0x080036a4                HAL_RCC_ClockConfig
 .text.HAL_RCC_GetSysClockFreq
                0x08003878       0xa8 ./Drivers/STM32F1xx_HAL_Driver/Src/stm32f1xx_hal_rcc.o
                0x08003878                HAL_RCC_GetSysClockFreq
 .text.HAL_RCC_GetHCLKFreq
                0x08003920       0x14 ./Drivers/STM32F1xx_HAL_Driver/Src/stm32f1xx_hal_rcc.o
                0x08003920                HAL_RCC_GetHCLKFreq
 .text.HAL_RCC_GetPCLK1Freq
                0x08003934       0x28 ./Drivers/STM32F1xx_HAL_Driver/Src/stm32f1xx_hal_rcc.o
                0x08003934                HAL_RCC_GetPCLK1Freq
 .text.HAL_RCC_GetPCLK2Freq
                0x0800395c       0x28 ./Drivers/STM32F1xx_HAL_Driver/Src/stm32f1xx_hal_rcc.o
                0x0800395c                HAL_RCC_GetPCLK2Freq
 .text.RCC_Delay
                0x08003984       0x3c ./Drivers/STM32F1xx_HAL_Driver/Src/stm32f1xx_hal_rcc.o
 .text.HAL_RCCEx_PeriphCLKConfig
                0x080039c0      0x16c ./Drivers/STM32F1xx_HAL_Driver/Src/stm32f1xx_hal_rcc_ex.o
                0x080039c0                HAL_RCCEx_PeriphCLKConfig
 .text.HAL_RCCEx_GetPeriphCLKFreq
                0x08003b2c      0x16c ./Drivers/STM32F1xx_HAL_Driver/Src/stm32f1xx_hal_rcc_ex.o
                0x08003b2c                HAL_RCCEx_GetPeriphCLKFreq
 .text.HAL_SPI_Init
                0x08003c98      0x108 ./Drivers/STM32F1xx_HAL_Driver/Src/stm32f1xx_hal_spi.o
                0x08003c98                HAL_SPI_Init
 .text.HAL_SPI_Transmit
                0x08003da0      0x286 ./Drivers/STM32F1xx_HAL_Driver/Src/stm32f1xx_hal_spi.o
                0x08003da0                HAL_SPI_Transmit
 *fill*         0x08004026        0x2 
 .text.SPI_WaitFlagStateUntilTimeout
                0x08004028      0x110 ./Drivers/STM32F1xx_HAL_Driver/Src/stm32f1xx_hal_spi.o
 .text.SPI_EndRxTxTransaction
                0x08004138       0x3c ./Drivers/STM32F1xx_HAL_Driver/Src/stm32f1xx_hal_spi.o
 .text.HAL_TIM_Base_Init
                0x08004174       0x9e ./Drivers/STM32F1xx_HAL_Driver/Src/stm32f1xx_hal_tim.o
                0x08004174                HAL_TIM_Base_Init
 *fill*         0x08004212        0x2 
 .text.HAL_TIM_Base_Start_IT
                0x08004214       0xa4 ./Drivers/STM32F1xx_HAL_Driver/Src/stm32f1xx_hal_tim.o
                0x08004214                HAL_TIM_Base_Start_IT
 .text.HAL_TIM_Base_Stop_IT
                0x080042b8       0x5c ./Drivers/STM32F1xx_HAL_Driver/Src/stm32f1xx_hal_tim.o
                0x080042b8                HAL_TIM_Base_Stop_IT
 .text.HAL_TIM_IRQHandler
                0x08004314      0x210 ./Drivers/STM32F1xx_HAL_Driver/Src/stm32f1xx_hal_tim.o
                0x08004314                HAL_TIM_IRQHandler
 .text.HAL_TIM_ConfigClockSource
                0x08004524      0x18e ./Drivers/STM32F1xx_HAL_Driver/Src/stm32f1xx_hal_tim.o
                0x08004524                HAL_TIM_ConfigClockSource
 .text.HAL_TIM_OC_DelayElapsedCallback
                0x080046b2       0x12 ./Drivers/STM32F1xx_HAL_Driver/Src/stm32f1xx_hal_tim.o
                0x080046b2                HAL_TIM_OC_DelayElapsedCallback
 .text.HAL_TIM_IC_CaptureCallback
                0x080046c4       0x12 ./Drivers/STM32F1xx_HAL_Driver/Src/stm32f1xx_hal_tim.o
                0x080046c4                HAL_TIM_IC_CaptureCallback
 .text.HAL_TIM_PWM_PulseFinishedCallback
                0x080046d6       0x12 ./Drivers/STM32F1xx_HAL_Driver/Src/stm32f1xx_hal_tim.o
                0x080046d6                HAL_TIM_PWM_PulseFinishedCallback
 .text.HAL_TIM_TriggerCallback
                0x080046e8       0x12 ./Drivers/STM32F1xx_HAL_Driver/Src/stm32f1xx_hal_tim.o
                0x080046e8                HAL_TIM_TriggerCallback
 *fill*         0x080046fa        0x2 
 .text.TIM_Base_SetConfig
                0x080046fc       0xc4 ./Drivers/STM32F1xx_HAL_Driver/Src/stm32f1xx_hal_tim.o
                0x080046fc                TIM_Base_SetConfig
 .text.TIM_TI1_ConfigInputStage
                0x080047c0       0x5c ./Drivers/STM32F1xx_HAL_Driver/Src/stm32f1xx_hal_tim.o
 .text.TIM_TI2_ConfigInputStage
                0x0800481c       0x5e ./Drivers/STM32F1xx_HAL_Driver/Src/stm32f1xx_hal_tim.o
 .text.TIM_ITRx_SetConfig
                0x0800487a       0x34 ./Drivers/STM32F1xx_HAL_Driver/Src/stm32f1xx_hal_tim.o
 .text.TIM_ETR_SetConfig
                0x080048ae       0x3e ./Drivers/STM32F1xx_HAL_Driver/Src/stm32f1xx_hal_tim.o
                0x080048ae                TIM_ETR_SetConfig
 .text.HAL_TIMEx_MasterConfigSynchronization
                0x080048ec       0xbc ./Drivers/STM32F1xx_HAL_Driver/Src/stm32f1xx_hal_tim_ex.o
                0x080048ec                HAL_TIMEx_MasterConfigSynchronization
 .text.HAL_TIMEx_CommutCallback
                0x080049a8       0x12 ./Drivers/STM32F1xx_HAL_Driver/Src/stm32f1xx_hal_tim_ex.o
                0x080049a8                HAL_TIMEx_CommutCallback
 .text.HAL_TIMEx_BreakCallback
                0x080049ba       0x12 ./Drivers/STM32F1xx_HAL_Driver/Src/stm32f1xx_hal_tim_ex.o
                0x080049ba                HAL_TIMEx_BreakCallback
 .text.HAL_UART_Init
                0x080049cc       0xa0 ./Drivers/STM32F1xx_HAL_Driver/Src/stm32f1xx_hal_uart.o
                0x080049cc                HAL_UART_Init
 .text.HAL_UART_Transmit
                0x08004a6c      0x106 ./Drivers/STM32F1xx_HAL_Driver/Src/stm32f1xx_hal_uart.o
                0x08004a6c                HAL_UART_Transmit
 .text.UART_WaitOnFlagUntilTimeout
                0x08004b72       0xdc ./Drivers/STM32F1xx_HAL_Driver/Src/stm32f1xx_hal_uart.o
 *fill*         0x08004c4e        0x2 
 .text.UART_SetConfig
                0x08004c50      0x11c ./Drivers/STM32F1xx_HAL_Driver/Src/stm32f1xx_hal_uart.o
 .text.__itoa   0x08004d6c       0x30 C:/ST/STM32CubeIDE_1.10.1/STM32CubeIDE/plugins/com.st.stm32cube.ide.mcu.externaltools.gnu-tools-for-stm32.12.3.rel1.win32_1.0.200.202406191623/tools/bin/../lib/gcc/arm-none-eabi/12.3.1/../../../../arm-none-eabi/lib/thumb/v7-m/nofp\libc_nano.a(libc_a-itoa.o)
                0x08004d6c                __itoa
 .text.itoa     0x08004d9c        0x4 C:/ST/STM32CubeIDE_1.10.1/STM32CubeIDE/plugins/com.st.stm32cube.ide.mcu.externaltools.gnu-tools-for-stm32.12.3.rel1.win32_1.0.200.202406191623/tools/bin/../lib/gcc/arm-none-eabi/12.3.1/../../../../arm-none-eabi/lib/thumb/v7-m/nofp\libc_nano.a(libc_a-itoa.o)
                0x08004d9c                itoa
 .text.__utoa   0x08004da0       0x84 C:/ST/STM32CubeIDE_1.10.1/STM32CubeIDE/plugins/com.st.stm32cube.ide.mcu.externaltools.gnu-tools-for-stm32.12.3.rel1.win32_1.0.200.202406191623/tools/bin/../lib/gcc/arm-none-eabi/12.3.1/../../../../arm-none-eabi/lib/thumb/v7-m/nofp\libc_nano.a(libc_a-utoa.o)
                0x08004da0                __utoa
 .text.memset   0x08004e24       0x10 C:/ST/STM32CubeIDE_1.10.1/STM32CubeIDE/plugins/com.st.stm32cube.ide.mcu.externaltools.gnu-tools-for-stm32.12.3.rel1.win32_1.0.200.202406191623/tools/bin/../lib/gcc/arm-none-eabi/12.3.1/../../../../arm-none-eabi/lib/thumb/v7-m/nofp\libc_nano.a(libc_a-memset.o)
                0x08004e24                memset
 .text.__libc_init_array
                0x08004e34       0x48 C:/ST/STM32CubeIDE_1.10.1/STM32CubeIDE/plugins/com.st.stm32cube.ide.mcu.externaltools.gnu-tools-for-stm32.12.3.rel1.win32_1.0.200.202406191623/tools/bin/../lib/gcc/arm-none-eabi/12.3.1/../../../../arm-none-eabi/lib/thumb/v7-m/nofp\libc_nano.a(libc_a-init.o)
                0x08004e34                __libc_init_array
 *(.glue_7)
 .glue_7        0x08004e7c        0x0 linker stubs
 *(.glue_7t)
 .glue_7t       0x08004e7c        0x0 linker stubs
 *(.eh_frame)
 .eh_frame      0x08004e7c        0x0 C:/ST/STM32CubeIDE_1.10.1/STM32CubeIDE/plugins/com.st.stm32cube.ide.mcu.externaltools.gnu-tools-for-stm32.12.3.rel1.win32_1.0.200.202406191623/tools/bin/../lib/gcc/arm-none-eabi/12.3.1/thumb/v7-m/nofp/crtbegin.o
 *(.init)
 .init          0x08004e7c        0x4 C:/ST/STM32CubeIDE_1.10.1/STM32CubeIDE/plugins/com.st.stm32cube.ide.mcu.externaltools.gnu-tools-for-stm32.12.3.rel1.win32_1.0.200.202406191623/tools/bin/../lib/gcc/arm-none-eabi/12.3.1/thumb/v7-m/nofp/crti.o
                0x08004e7c                _init
 .init          0x08004e80        0x8 C:/ST/STM32CubeIDE_1.10.1/STM32CubeIDE/plugins/com.st.stm32cube.ide.mcu.externaltools.gnu-tools-for-stm32.12.3.rel1.win32_1.0.200.202406191623/tools/bin/../lib/gcc/arm-none-eabi/12.3.1/thumb/v7-m/nofp/crtn.o
 *(.fini)
 .fini          0x08004e88        0x4 C:/ST/STM32CubeIDE_1.10.1/STM32CubeIDE/plugins/com.st.stm32cube.ide.mcu.externaltools.gnu-tools-for-stm32.12.3.rel1.win32_1.0.200.202406191623/tools/bin/../lib/gcc/arm-none-eabi/12.3.1/thumb/v7-m/nofp/crti.o
                0x08004e88                _fini
 .fini          0x08004e8c        0x8 C:/ST/STM32CubeIDE_1.10.1/STM32CubeIDE/plugins/com.st.stm32cube.ide.mcu.externaltools.gnu-tools-for-stm32.12.3.rel1.win32_1.0.200.202406191623/tools/bin/../lib/gcc/arm-none-eabi/12.3.1/thumb/v7-m/nofp/crtn.o
                0x08004e94                        . = ALIGN (0x4)
                0x08004e94                        _etext = .

.vfp11_veneer   0x08004e94        0x0
 .vfp11_veneer  0x08004e94        0x0 linker stubs

.v4_bx          0x08004e94        0x0
 .v4_bx         0x08004e94        0x0 linker stubs

.iplt           0x08004e94        0x0
 .iplt          0x08004e94        0x0 C:/ST/STM32CubeIDE_1.10.1/STM32CubeIDE/plugins/com.st.stm32cube.ide.mcu.externaltools.gnu-tools-for-stm32.12.3.rel1.win32_1.0.200.202406191623/tools/bin/../lib/gcc/arm-none-eabi/12.3.1/thumb/v7-m/nofp/crtbegin.o

.rodata         0x08004e94     0x1620
                0x08004e94                        . = ALIGN (0x4)
 *(.rodata)
 .rodata        0x08004e94       0x7d ./Core/Src/main.o
 *(.rodata*)
 *fill*         0x08004f11        0x3 
 .rodata.init_cmds1
                0x08004f14       0x38 ./Core/Src/ST7735.o
                0x08004f14                init_cmds1
 .rodata.init_cmds2
                0x08004f4c        0xd ./Core/Src/ST7735.o
                0x08004f4c                init_cmds2
 *fill*         0x08004f59        0x3 
 .rodata.init_cmds3
                0x08004f5c       0x2b ./Core/Src/ST7735.o
                0x08004f5c                init_cmds3
 *fill*         0x08004f87        0x1 
 .rodata.Font7x10
                0x08004f88      0x76c ./Core/Src/fonts.o
 .rodata.Font11x18
                0x080056f4      0xd5c ./Core/Src/fonts.o
 .rodata.AHBPrescTable
                0x08006450       0x10 ./Core/Src/system_stm32f1xx.o
                0x08006450                AHBPrescTable
 .rodata.APBPrescTable
                0x08006460        0x8 ./Core/Src/system_stm32f1xx.o
                0x08006460                APBPrescTable
 .rodata.aPLLMULFactorTable.1
                0x08006468       0x10 ./Drivers/STM32F1xx_HAL_Driver/Src/stm32f1xx_hal_rcc.o
 .rodata.aPredivFactorTable.0
                0x08006478        0x2 ./Drivers/STM32F1xx_HAL_Driver/Src/stm32f1xx_hal_rcc.o
 *fill*         0x0800647a        0x2 
 .rodata.aPLLMULFactorTable.1
                0x0800647c       0x10 ./Drivers/STM32F1xx_HAL_Driver/Src/stm32f1xx_hal_rcc_ex.o
 .rodata.aPredivFactorTable.0
                0x0800648c        0x2 ./Drivers/STM32F1xx_HAL_Driver/Src/stm32f1xx_hal_rcc_ex.o
 .rodata.__utoa.str1.1
                0x0800648e       0x25 C:/ST/STM32CubeIDE_1.10.1/STM32CubeIDE/plugins/com.st.stm32cube.ide.mcu.externaltools.gnu-tools-for-stm32.12.3.rel1.win32_1.0.200.202406191623/tools/bin/../lib/gcc/arm-none-eabi/12.3.1/../../../../arm-none-eabi/lib/thumb/v7-m/nofp\libc_nano.a(libc_a-utoa.o)
                0x080064b4                        . = ALIGN (0x4)
 *fill*         0x080064b3        0x1 

.rel.dyn        0x080064b4        0x0
 .rel.iplt      0x080064b4        0x0 C:/ST/STM32CubeIDE_1.10.1/STM32CubeIDE/plugins/com.st.stm32cube.ide.mcu.externaltools.gnu-tools-for-stm32.12.3.rel1.win32_1.0.200.202406191623/tools/bin/../lib/gcc/arm-none-eabi/12.3.1/thumb/v7-m/nofp/crtbegin.o

.ARM.extab      0x080064b4        0x0
                0x080064b4                        . = ALIGN (0x4)
 *(.ARM.extab* .gnu.linkonce.armextab.*)
                0x080064b4                        . = ALIGN (0x4)

.ARM            0x080064b4        0x0
                0x080064b4                        . = ALIGN (0x4)
                0x080064b4                        __exidx_start = .
 *(.ARM.exidx*)
                0x080064b4                        __exidx_end = .
                0x080064b4                        . = ALIGN (0x4)

.preinit_array  0x080064b4        0x0
                0x080064b4                        . = ALIGN (0x4)
                0x080064b4                        PROVIDE (__preinit_array_start = .)
 *(.preinit_array*)
                0x080064b4                        PROVIDE (__preinit_array_end = .)
                0x080064b4                        . = ALIGN (0x4)

.init_array     0x080064b4        0x4
                0x080064b4                        . = ALIGN (0x4)
                0x080064b4                        PROVIDE (__init_array_start = .)
 *(SORT_BY_NAME(.init_array.*))
 *(.init_array*)
 .init_array    0x080064b4        0x4 C:/ST/STM32CubeIDE_1.10.1/STM32CubeIDE/plugins/com.st.stm32cube.ide.mcu.externaltools.gnu-tools-for-stm32.12.3.rel1.win32_1.0.200.202406191623/tools/bin/../lib/gcc/arm-none-eabi/12.3.1/thumb/v7-m/nofp/crtbegin.o
                0x080064b8                        PROVIDE (__init_array_end = .)
                0x080064b8                        . = ALIGN (0x4)

.fini_array     0x080064b8        0x4
                0x080064b8                        . = ALIGN (0x4)
                [!provide]                        PROVIDE (__fini_array_start = .)
 *(SORT_BY_NAME(.fini_array.*))
 *(.fini_array*)
 .fini_array    0x080064b8        0x4 C:/ST/STM32CubeIDE_1.10.1/STM32CubeIDE/plugins/com.st.stm32cube.ide.mcu.externaltools.gnu-tools-for-stm32.12.3.rel1.win32_1.0.200.202406191623/tools/bin/../lib/gcc/arm-none-eabi/12.3.1/thumb/v7-m/nofp/crtbegin.o
                [!provide]                        PROVIDE (__fini_array_end = .)
                0x080064bc                        . = ALIGN (0x4)
                0x080064bc                        _sidata = LOADADDR (.data)

.data           0x20000000       0x20 load address 0x080064bc
                0x20000000                        . = ALIGN (0x4)
                0x20000000                        _sdata = .
 *(.data)
 *(.data*)
 .data.Font_7x10
                0x20000000        0x8 ./Core/Src/fonts.o
                0x20000000                Font_7x10
 .data.Font_11x18
                0x20000008        0x8 ./Core/Src/fonts.o
                0x20000008                Font_11x18
 .data.evt      0x20000010        0x1 ./Core/Src/main.o
                0x20000010                evt
 *fill*         0x20000011        0x3 
 .data.SystemCoreClock
                0x20000014        0x4 ./Core/Src/system_stm32f1xx.o
                0x20000014                SystemCoreClock
 .data.uwTickPrio
                0x20000018        0x4 ./Drivers/STM32F1xx_HAL_Driver/Src/stm32f1xx_hal.o
                0x20000018                uwTickPrio
 .data.uwTickFreq
                0x2000001c        0x1 ./Drivers/STM32F1xx_HAL_Driver/Src/stm32f1xx_hal.o
                0x2000001c                uwTickFreq
 *(.RamFunc)
 *(.RamFunc*)
                0x20000020                        . = ALIGN (0x4)
 *fill*         0x2000001d        0x3 
                0x20000020                        _edata = .

.igot.plt       0x20000020        0x0 load address 0x080064dc
 .igot.plt      0x20000020        0x0 C:/ST/STM32CubeIDE_1.10.1/STM32CubeIDE/plugins/com.st.stm32cube.ide.mcu.externaltools.gnu-tools-for-stm32.12.3.rel1.win32_1.0.200.202406191623/tools/bin/../lib/gcc/arm-none-eabi/12.3.1/thumb/v7-m/nofp/crtbegin.o
                0x20000020                        . = ALIGN (0x4)

.bss            0x20000020      0x250 load address 0x080064dc
                0x20000020                        _sbss = .
                0x20000020                        __bss_start__ = _sbss
 *(.bss)
 .bss           0x20000020       0x1c C:/ST/STM32CubeIDE_1.10.1/STM32CubeIDE/plugins/com.st.stm32cube.ide.mcu.externaltools.gnu-tools-for-stm32.12.3.rel1.win32_1.0.200.202406191623/tools/bin/../lib/gcc/arm-none-eabi/12.3.1/thumb/v7-m/nofp/crtbegin.o
 *(.bss*)
 .bss._width    0x2000003c        0x2 ./Core/Src/ST7735.o
                0x2000003c                _width
 .bss._height   0x2000003e        0x2 ./Core/Src/ST7735.o
                0x2000003e                _height
 .bss.rotation  0x20000040        0x1 ./Core/Src/ST7735.o
                0x20000040                rotation
 .bss._colstart
                0x20000041        0x1 ./Core/Src/ST7735.o
                0x20000041                _colstart
 .bss._rowstart
                0x20000042        0x1 ./Core/Src/ST7735.o
                0x20000042                _rowstart
 .bss._xstart   0x20000043        0x1 ./Core/Src/ST7735.o
                0x20000043                _xstart
 .bss._ystart   0x20000044        0x1 ./Core/Src/ST7735.o
                0x20000044                _ystart
 *fill*         0x20000045        0x3 
 .bss.hadc1     0x20000048       0x30 ./Core/Src/main.o
                0x20000048                hadc1
 .bss.hadc2     0x20000078       0x30 ./Core/Src/main.o
                0x20000078                hadc2
 .bss.hspi1     0x200000a8       0x58 ./Core/Src/main.o
                0x200000a8                hspi1
 .bss.htim2     0x20000100       0x48 ./Core/Src/main.o
                0x20000100                htim2
 .bss.huart3    0x20000148       0x48 ./Core/Src/main.o
                0x20000148                huart3
 .bss.UART_TX_PING_flag
                0x20000190        0x1 ./Core/Src/main.o
                0x20000190                UART_TX_PING_flag
 .bss.UART_TX_PONG_flag
                0x20000191        0x1 ./Core/Src/main.o
                0x20000191                UART_TX_PONG_flag
 *fill*         0x20000192        0x2 
 .bss.bufferPING
                0x20000194       0x64 ./Core/Src/main.o
                0x20000194                bufferPING
 .bss.bufferPONG
                0x200001f8       0x64 ./Core/Src/main.o
                0x200001f8                bufferPONG
 .bss.puntero_escritura
                0x2000025c        0x4 ./Core/Src/main.o
                0x2000025c                puntero_escritura
 .bss.posicion_final_puntero_escritura
                0x20000260        0x4 ./Core/Src/main.o
                0x20000260                posicion_final_puntero_escritura
 .bss.trigger_valor
                0x20000264        0x1 ./Core/Src/main.o
                0x20000264                trigger_valor
 .bss.trigger_flag
                0x20000265        0x1 ./Core/Src/main.o
                0x20000265                trigger_flag
 .bss.trigger_contador
                0x20000266        0x2 ./Core/Src/main.o
                0x20000266                trigger_contador
 .bss.TRIGGER_flag
                0x20000268        0x1 ./Core/Src/main.o
                0x20000268                TRIGGER_flag
 .bss.estado    0x20000269        0x1 ./Core/Src/main.o
                0x20000269                estado
 *fill*         0x2000026a        0x2 
 .bss.uwTick    0x2000026c        0x4 ./Drivers/STM32F1xx_HAL_Driver/Src/stm32f1xx_hal.o
                0x2000026c                uwTick
 *(COMMON)
                0x20000270                        . = ALIGN (0x4)
                0x20000270                        _ebss = .
                0x20000270                        __bss_end__ = _ebss

._user_heap_stack
                0x20000270      0x600 load address 0x080064dc
                0x20000270                        . = ALIGN (0x8)
                [!provide]                        PROVIDE (end = .)
                0x20000270                        PROVIDE (_end = .)
                0x20000470                        . = (. + _Min_Heap_Size)
 *fill*         0x20000270      0x200 
                0x20000870                        . = (. + _Min_Stack_Size)
 *fill*         0x20000470      0x400 
                0x20000870                        . = ALIGN (0x8)

/DISCARD/
 libc.a(*)
 libm.a(*)
 libgcc.a(*)

.ARM.attributes
                0x00000000       0x29
 *(.ARM.attributes)
 .ARM.attributes
                0x00000000       0x1d C:/ST/STM32CubeIDE_1.10.1/STM32CubeIDE/plugins/com.st.stm32cube.ide.mcu.externaltools.gnu-tools-for-stm32.12.3.rel1.win32_1.0.200.202406191623/tools/bin/../lib/gcc/arm-none-eabi/12.3.1/thumb/v7-m/nofp/crti.o
 .ARM.attributes
                0x0000001d       0x2d C:/ST/STM32CubeIDE_1.10.1/STM32CubeIDE/plugins/com.st.stm32cube.ide.mcu.externaltools.gnu-tools-for-stm32.12.3.rel1.win32_1.0.200.202406191623/tools/bin/../lib/gcc/arm-none-eabi/12.3.1/thumb/v7-m/nofp/crtbegin.o
 .ARM.attributes
                0x0000004a       0x2d ./Core/Src/GFX_FUNCTIONS.o
 .ARM.attributes
                0x00000077       0x2d ./Core/Src/ST7735.o
 .ARM.attributes
                0x000000a4       0x2d ./Core/Src/fonts.o
 .ARM.attributes
                0x000000d1       0x2d ./Core/Src/main.o
 .ARM.attributes
                0x000000fe       0x2d ./Core/Src/stm32f1xx_hal_msp.o
 .ARM.attributes
                0x0000012b       0x2d ./Core/Src/stm32f1xx_it.o
 .ARM.attributes
                0x00000158       0x2d ./Core/Src/system_stm32f1xx.o
 .ARM.attributes
                0x00000185       0x21 ./Core/Startup/startup_stm32f103c8tx.o
 .ARM.attributes
                0x000001a6       0x2d ./Drivers/STM32F1xx_HAL_Driver/Src/stm32f1xx_hal.o
 .ARM.attributes
                0x000001d3       0x2d ./Drivers/STM32F1xx_HAL_Driver/Src/stm32f1xx_hal_adc.o
 .ARM.attributes
                0x00000200       0x2d ./Drivers/STM32F1xx_HAL_Driver/Src/stm32f1xx_hal_adc_ex.o
 .ARM.attributes
                0x0000022d       0x2d ./Drivers/STM32F1xx_HAL_Driver/Src/stm32f1xx_hal_cortex.o
 .ARM.attributes
                0x0000025a       0x2d ./Drivers/STM32F1xx_HAL_Driver/Src/stm32f1xx_hal_gpio.o
 .ARM.attributes
                0x00000287       0x2d ./Drivers/STM32F1xx_HAL_Driver/Src/stm32f1xx_hal_rcc.o
 .ARM.attributes
                0x000002b4       0x2d ./Drivers/STM32F1xx_HAL_Driver/Src/stm32f1xx_hal_rcc_ex.o
 .ARM.attributes
                0x000002e1       0x2d ./Drivers/STM32F1xx_HAL_Driver/Src/stm32f1xx_hal_spi.o
 .ARM.attributes
                0x0000030e       0x2d ./Drivers/STM32F1xx_HAL_Driver/Src/stm32f1xx_hal_tim.o
 .ARM.attributes
                0x0000033b       0x2d ./Drivers/STM32F1xx_HAL_Driver/Src/stm32f1xx_hal_tim_ex.o
 .ARM.attributes
                0x00000368       0x2d ./Drivers/STM32F1xx_HAL_Driver/Src/stm32f1xx_hal_uart.o
 .ARM.attributes
                0x00000395       0x2d C:/ST/STM32CubeIDE_1.10.1/STM32CubeIDE/plugins/com.st.stm32cube.ide.mcu.externaltools.gnu-tools-for-stm32.12.3.rel1.win32_1.0.200.202406191623/tools/bin/../lib/gcc/arm-none-eabi/12.3.1/../../../../arm-none-eabi/lib/thumb/v7-m/nofp\libc_nano.a(libc_a-itoa.o)
 .ARM.attributes
                0x000003c2       0x2d C:/ST/STM32CubeIDE_1.10.1/STM32CubeIDE/plugins/com.st.stm32cube.ide.mcu.externaltools.gnu-tools-for-stm32.12.3.rel1.win32_1.0.200.202406191623/tools/bin/../lib/gcc/arm-none-eabi/12.3.1/../../../../arm-none-eabi/lib/thumb/v7-m/nofp\libc_nano.a(libc_a-utoa.o)
 .ARM.attributes
                0x000003ef       0x2d C:/ST/STM32CubeIDE_1.10.1/STM32CubeIDE/plugins/com.st.stm32cube.ide.mcu.externaltools.gnu-tools-for-stm32.12.3.rel1.win32_1.0.200.202406191623/tools/bin/../lib/gcc/arm-none-eabi/12.3.1/../../../../arm-none-eabi/lib/thumb/v7-m/nofp\libc_nano.a(libc_a-memset.o)
 .ARM.attributes
                0x0000041c       0x2d C:/ST/STM32CubeIDE_1.10.1/STM32CubeIDE/plugins/com.st.stm32cube.ide.mcu.externaltools.gnu-tools-for-stm32.12.3.rel1.win32_1.0.200.202406191623/tools/bin/../lib/gcc/arm-none-eabi/12.3.1/../../../../arm-none-eabi/lib/thumb/v7-m/nofp\libc_nano.a(libc_a-init.o)
 .ARM.attributes
                0x00000449       0x1d C:/ST/STM32CubeIDE_1.10.1/STM32CubeIDE/plugins/com.st.stm32cube.ide.mcu.externaltools.gnu-tools-for-stm32.12.3.rel1.win32_1.0.200.202406191623/tools/bin/../lib/gcc/arm-none-eabi/12.3.1/thumb/v7-m/nofp/crtn.o
OUTPUT(TP1_Especial.elf elf32-littlearm)
LOAD linker stubs
LOAD C:/ST/STM32CubeIDE_1.10.1/STM32CubeIDE/plugins/com.st.stm32cube.ide.mcu.externaltools.gnu-tools-for-stm32.12.3.rel1.win32_1.0.200.202406191623/tools/bin/../lib/gcc/arm-none-eabi/12.3.1/../../../../arm-none-eabi/lib/thumb/v7-m/nofp\libc.a
LOAD C:/ST/STM32CubeIDE_1.10.1/STM32CubeIDE/plugins/com.st.stm32cube.ide.mcu.externaltools.gnu-tools-for-stm32.12.3.rel1.win32_1.0.200.202406191623/tools/bin/../lib/gcc/arm-none-eabi/12.3.1/../../../../arm-none-eabi/lib/thumb/v7-m/nofp\libm.a
LOAD C:/ST/STM32CubeIDE_1.10.1/STM32CubeIDE/plugins/com.st.stm32cube.ide.mcu.externaltools.gnu-tools-for-stm32.12.3.rel1.win32_1.0.200.202406191623/tools/bin/../lib/gcc/arm-none-eabi/12.3.1/thumb/v7-m/nofp\libgcc.a

.debug_info     0x00000000    0x11160
 .debug_info    0x00000000      0xe41 ./Core/Src/GFX_FUNCTIONS.o
 .debug_info    0x00000e41      0xc10 ./Core/Src/ST7735.o
 .debug_info    0x00001a51      0x19a ./Core/Src/fonts.o
 .debug_info    0x00001beb     0x1b34 ./Core/Src/main.o
 .debug_info    0x0000371f     0x1324 ./Core/Src/stm32f1xx_hal_msp.o
 .debug_info    0x00004a43      0x91f ./Core/Src/stm32f1xx_it.o
 .debug_info    0x00005362      0x222 ./Core/Src/system_stm32f1xx.o
 .debug_info    0x00005584       0x30 ./Core/Startup/startup_stm32f103c8tx.o
 .debug_info    0x000055b4      0x704 ./Drivers/STM32F1xx_HAL_Driver/Src/stm32f1xx_hal.o
 .debug_info    0x00005cb8      0xc50 ./Drivers/STM32F1xx_HAL_Driver/Src/stm32f1xx_hal_adc.o
 .debug_info    0x00006908      0xa10 ./Drivers/STM32F1xx_HAL_Driver/Src/stm32f1xx_hal_adc_ex.o
 .debug_info    0x00007318      0xa87 ./Drivers/STM32F1xx_HAL_Driver/Src/stm32f1xx_hal_cortex.o
 .debug_info    0x00007d9f      0x5ab ./Drivers/STM32F1xx_HAL_Driver/Src/stm32f1xx_hal_gpio.o
 .debug_info    0x0000834a      0x7d5 ./Drivers/STM32F1xx_HAL_Driver/Src/stm32f1xx_hal_rcc.o
 .debug_info    0x00008b1f      0x3c0 ./Drivers/STM32F1xx_HAL_Driver/Src/stm32f1xx_hal_rcc_ex.o
 .debug_info    0x00008edf     0x1503 ./Drivers/STM32F1xx_HAL_Driver/Src/stm32f1xx_hal_spi.o
 .debug_info    0x0000a3e2     0x293b ./Drivers/STM32F1xx_HAL_Driver/Src/stm32f1xx_hal_tim.o
 .debug_info    0x0000cd1d     0x149b ./Drivers/STM32F1xx_HAL_Driver/Src/stm32f1xx_hal_tim_ex.o
 .debug_info    0x0000e1b8     0x2fa8 ./Drivers/STM32F1xx_HAL_Driver/Src/stm32f1xx_hal_uart.o

.debug_abbrev   0x00000000     0x2743
 .debug_abbrev  0x00000000      0x1b0 ./Core/Src/GFX_FUNCTIONS.o
 .debug_abbrev  0x000001b0      0x287 ./Core/Src/ST7735.o
 .debug_abbrev  0x00000437       0xb3 ./Core/Src/fonts.o
 .debug_abbrev  0x000004ea      0x33b ./Core/Src/main.o
 .debug_abbrev  0x00000825      0x21e ./Core/Src/stm32f1xx_hal_msp.o
 .debug_abbrev  0x00000a43      0x1bc ./Core/Src/stm32f1xx_it.o
 .debug_abbrev  0x00000bff      0x13f ./Core/Src/system_stm32f1xx.o
 .debug_abbrev  0x00000d3e       0x24 ./Core/Startup/startup_stm32f103c8tx.o
 .debug_abbrev  0x00000d62      0x201 ./Drivers/STM32F1xx_HAL_Driver/Src/stm32f1xx_hal.o
 .debug_abbrev  0x00000f63      0x225 ./Drivers/STM32F1xx_HAL_Driver/Src/stm32f1xx_hal_adc.o
 .debug_abbrev  0x00001188      0x249 ./Drivers/STM32F1xx_HAL_Driver/Src/stm32f1xx_hal_adc_ex.o
 .debug_abbrev  0x000013d1      0x2f8 ./Drivers/STM32F1xx_HAL_Driver/Src/stm32f1xx_hal_cortex.o
 .debug_abbrev  0x000016c9      0x1ca ./Drivers/STM32F1xx_HAL_Driver/Src/stm32f1xx_hal_gpio.o
 .debug_abbrev  0x00001893      0x2b3 ./Drivers/STM32F1xx_HAL_Driver/Src/stm32f1xx_hal_rcc.o
 .debug_abbrev  0x00001b46      0x188 ./Drivers/STM32F1xx_HAL_Driver/Src/stm32f1xx_hal_rcc_ex.o
 .debug_abbrev  0x00001cce      0x284 ./Drivers/STM32F1xx_HAL_Driver/Src/stm32f1xx_hal_spi.o
 .debug_abbrev  0x00001f52      0x277 ./Drivers/STM32F1xx_HAL_Driver/Src/stm32f1xx_hal_tim.o
 .debug_abbrev  0x000021c9      0x282 ./Drivers/STM32F1xx_HAL_Driver/Src/stm32f1xx_hal_tim_ex.o
 .debug_abbrev  0x0000244b      0x2f8 ./Drivers/STM32F1xx_HAL_Driver/Src/stm32f1xx_hal_uart.o

.debug_aranges  0x00000000     0x1100
 .debug_aranges
                0x00000000      0x100 ./Core/Src/GFX_FUNCTIONS.o
 .debug_aranges
                0x00000100       0x90 ./Core/Src/ST7735.o
 .debug_aranges
                0x00000190       0x18 ./Core/Src/fonts.o
 .debug_aranges
                0x000001a8       0xb8 ./Core/Src/main.o
 .debug_aranges
                0x00000260       0x60 ./Core/Src/stm32f1xx_hal_msp.o
 .debug_aranges
                0x000002c0       0x78 ./Core/Src/stm32f1xx_it.o
 .debug_aranges
                0x00000338       0x28 ./Core/Src/system_stm32f1xx.o
 .debug_aranges
                0x00000360       0x28 ./Core/Startup/startup_stm32f103c8tx.o
 .debug_aranges
                0x00000388       0xe0 ./Drivers/STM32F1xx_HAL_Driver/Src/stm32f1xx_hal.o
 .debug_aranges
                0x00000468       0xf0 ./Drivers/STM32F1xx_HAL_Driver/Src/stm32f1xx_hal_adc.o
 .debug_aranges
                0x00000558       0x80 ./Drivers/STM32F1xx_HAL_Driver/Src/stm32f1xx_hal_adc_ex.o
 .debug_aranges
                0x000005d8      0x100 ./Drivers/STM32F1xx_HAL_Driver/Src/stm32f1xx_hal_cortex.o
 .debug_aranges
                0x000006d8       0x58 ./Drivers/STM32F1xx_HAL_Driver/Src/stm32f1xx_hal_gpio.o
 .debug_aranges
                0x00000730       0x90 ./Drivers/STM32F1xx_HAL_Driver/Src/stm32f1xx_hal_rcc.o
 .debug_aranges
                0x000007c0       0x30 ./Drivers/STM32F1xx_HAL_Driver/Src/stm32f1xx_hal_rcc_ex.o
 .debug_aranges
                0x000007f0      0x1d0 ./Drivers/STM32F1xx_HAL_Driver/Src/stm32f1xx_hal_spi.o
 .debug_aranges
                0x000009c0      0x3d0 ./Drivers/STM32F1xx_HAL_Driver/Src/stm32f1xx_hal_tim.o
 .debug_aranges
                0x00000d90      0x168 ./Drivers/STM32F1xx_HAL_Driver/Src/stm32f1xx_hal_tim_ex.o
 .debug_aranges
                0x00000ef8      0x208 ./Drivers/STM32F1xx_HAL_Driver/Src/stm32f1xx_hal_uart.o

.debug_rnglists
                0x00000000      0xd4a
 .debug_rnglists
                0x00000000       0xcd ./Core/Src/GFX_FUNCTIONS.o
 .debug_rnglists
                0x000000cd       0x6e ./Core/Src/ST7735.o
 .debug_rnglists
                0x0000013b       0x8d ./Core/Src/main.o
 .debug_rnglists
                0x000001c8       0x46 ./Core/Src/stm32f1xx_hal_msp.o
 .debug_rnglists
                0x0000020e       0x55 ./Core/Src/stm32f1xx_it.o
 .debug_rnglists
                0x00000263       0x1a ./Core/Src/system_stm32f1xx.o
 .debug_rnglists
                0x0000027d       0x19 ./Core/Startup/startup_stm32f103c8tx.o
 .debug_rnglists
                0x00000296       0xa3 ./Drivers/STM32F1xx_HAL_Driver/Src/stm32f1xx_hal.o
 .debug_rnglists
                0x00000339       0xbc ./Drivers/STM32F1xx_HAL_Driver/Src/stm32f1xx_hal_adc.o
 .debug_rnglists
                0x000003f5       0x65 ./Drivers/STM32F1xx_HAL_Driver/Src/stm32f1xx_hal_adc_ex.o
 .debug_rnglists
                0x0000045a       0xbb ./Drivers/STM32F1xx_HAL_Driver/Src/stm32f1xx_hal_cortex.o
 .debug_rnglists
                0x00000515       0x3f ./Drivers/STM32F1xx_HAL_Driver/Src/stm32f1xx_hal_gpio.o
 .debug_rnglists
                0x00000554       0x6c ./Drivers/STM32F1xx_HAL_Driver/Src/stm32f1xx_hal_rcc.o
 .debug_rnglists
                0x000005c0       0x21 ./Drivers/STM32F1xx_HAL_Driver/Src/stm32f1xx_hal_rcc_ex.o
 .debug_rnglists
                0x000005e1      0x16e ./Drivers/STM32F1xx_HAL_Driver/Src/stm32f1xx_hal_spi.o
 .debug_rnglists
                0x0000074f      0x31a ./Drivers/STM32F1xx_HAL_Driver/Src/stm32f1xx_hal_tim.o
 .debug_rnglists
                0x00000a69      0x125 ./Drivers/STM32F1xx_HAL_Driver/Src/stm32f1xx_hal_tim_ex.o
 .debug_rnglists
                0x00000b8e      0x1bc ./Drivers/STM32F1xx_HAL_Driver/Src/stm32f1xx_hal_uart.o

.debug_macro    0x00000000    0x18e1d
 .debug_macro   0x00000000      0x2ca ./Core/Src/GFX_FUNCTIONS.o
 .debug_macro   0x000002ca      0xaa8 ./Core/Src/GFX_FUNCTIONS.o
 .debug_macro   0x00000d72       0x22 ./Core/Src/GFX_FUNCTIONS.o
 .debug_macro   0x00000d94       0x8e ./Core/Src/GFX_FUNCTIONS.o
 .debug_macro   0x00000e22       0x51 ./Core/Src/GFX_FUNCTIONS.o
 .debug_macro   0x00000e73      0x103 ./Core/Src/GFX_FUNCTIONS.o
 .debug_macro   0x00000f76       0x6a ./Core/Src/GFX_FUNCTIONS.o
 .debug_macro   0x00000fe0      0x1df ./Core/Src/GFX_FUNCTIONS.o
 .debug_macro   0x000011bf      0x227 ./Core/Src/GFX_FUNCTIONS.o
 .debug_macro   0x000013e6       0x2e ./Core/Src/GFX_FUNCTIONS.o
 .debug_macro   0x00001414       0x22 ./Core/Src/GFX_FUNCTIONS.o
 .debug_macro   0x00001436       0x1c ./Core/Src/GFX_FUNCTIONS.o
 .debug_macro   0x00001452       0x22 ./Core/Src/GFX_FUNCTIONS.o
 .debug_macro   0x00001474       0xbd ./Core/Src/GFX_FUNCTIONS.o
 .debug_macro   0x00001531      0xd23 ./Core/Src/GFX_FUNCTIONS.o
 .debug_macro   0x00002254     0xe09e ./Core/Src/GFX_FUNCTIONS.o
 .debug_macro   0x000102f2       0x6d ./Core/Src/GFX_FUNCTIONS.o
 .debug_macro   0x0001035f     0x348d ./Core/Src/GFX_FUNCTIONS.o
 .debug_macro   0x000137ec      0x189 ./Core/Src/GFX_FUNCTIONS.o
 .debug_macro   0x00013975       0x5c ./Core/Src/GFX_FUNCTIONS.o
 .debug_macro   0x000139d1      0x5bc ./Core/Src/GFX_FUNCTIONS.o
 .debug_macro   0x00013f8d      0x289 ./Core/Src/GFX_FUNCTIONS.o
 .debug_macro   0x00014216      0x1cb ./Core/Src/GFX_FUNCTIONS.o
 .debug_macro   0x000143e1      0x114 ./Core/Src/GFX_FUNCTIONS.o
 .debug_macro   0x000144f5      0x1b2 ./Core/Src/GFX_FUNCTIONS.o
 .debug_macro   0x000146a7       0x27 ./Core/Src/GFX_FUNCTIONS.o
 .debug_macro   0x000146ce      0x136 ./Core/Src/GFX_FUNCTIONS.o
 .debug_macro   0x00014804      0x1bc ./Core/Src/GFX_FUNCTIONS.o
 .debug_macro   0x000149c0       0x34 ./Core/Src/GFX_FUNCTIONS.o
 .debug_macro   0x000149f4       0x3c ./Core/Src/GFX_FUNCTIONS.o
 .debug_macro   0x00014a30       0x57 ./Core/Src/GFX_FUNCTIONS.o
 .debug_macro   0x00014a87      0x46a ./Core/Src/GFX_FUNCTIONS.o
 .debug_macro   0x00014ef1      0x1b5 ./Core/Src/GFX_FUNCTIONS.o
 .debug_macro   0x000150a6       0x87 ./Core/Src/GFX_FUNCTIONS.o
 .debug_macro   0x0001512d      0x240 ./Core/Src/GFX_FUNCTIONS.o
 .debug_macro   0x0001536d      0x140 ./Core/Src/GFX_FUNCTIONS.o
 .debug_macro   0x000154ad      0x217 ./Core/Src/GFX_FUNCTIONS.o
 .debug_macro   0x000156c4      0x8ed ./Core/Src/GFX_FUNCTIONS.o
 .debug_macro   0x00015fb1      0x28e ./Core/Src/GFX_FUNCTIONS.o
 .debug_macro   0x0001623f       0x83 ./Core/Src/GFX_FUNCTIONS.o
 .debug_macro   0x000162c2       0x82 ./Core/Src/GFX_FUNCTIONS.o
 .debug_macro   0x00016344       0x22 ./Core/Src/GFX_FUNCTIONS.o
 .debug_macro   0x00016366      0x184 ./Core/Src/GFX_FUNCTIONS.o
 .debug_macro   0x000164ea       0x24 ./Core/Src/GFX_FUNCTIONS.o
 .debug_macro   0x0001650e       0x61 ./Core/Src/GFX_FUNCTIONS.o
 .debug_macro   0x0001656f       0x43 ./Core/Src/GFX_FUNCTIONS.o
 .debug_macro   0x000165b2       0x34 ./Core/Src/GFX_FUNCTIONS.o
 .debug_macro   0x000165e6       0x16 ./Core/Src/GFX_FUNCTIONS.o
 .debug_macro   0x000165fc       0x35 ./Core/Src/GFX_FUNCTIONS.o
 .debug_macro   0x00016631       0x16 ./Core/Src/GFX_FUNCTIONS.o
 .debug_macro   0x00016647       0x43 ./Core/Src/GFX_FUNCTIONS.o
 .debug_macro   0x0001668a       0x34 ./Core/Src/GFX_FUNCTIONS.o
 .debug_macro   0x000166be       0x10 ./Core/Src/GFX_FUNCTIONS.o
 .debug_macro   0x000166ce       0x58 ./Core/Src/GFX_FUNCTIONS.o
 .debug_macro   0x00016726       0x8e ./Core/Src/GFX_FUNCTIONS.o
 .debug_macro   0x000167b4       0x1c ./Core/Src/GFX_FUNCTIONS.o
 .debug_macro   0x000167d0      0x177 ./Core/Src/GFX_FUNCTIONS.o
 .debug_macro   0x00016947      0x369 ./Core/Src/GFX_FUNCTIONS.o
 .debug_macro   0x00016cb0       0x16 ./Core/Src/GFX_FUNCTIONS.o
 .debug_macro   0x00016cc6       0x29 ./Core/Src/GFX_FUNCTIONS.o
 .debug_macro   0x00016cef      0x1f2 ./Core/Src/ST7735.o
 .debug_macro   0x00016ee1       0x6d ./Core/Src/fonts.o
 .debug_macro   0x00016f4e      0x36b ./Core/Src/main.o
 .debug_macro   0x000172b9       0x10 ./Core/Src/main.o
 .debug_macro   0x000172c9       0x20 ./Core/Src/main.o
 .debug_macro   0x000172e9       0x1c ./Core/Src/main.o
 .debug_macro   0x00017305       0x10 ./Core/Src/main.o
 .debug_macro   0x00017315       0x1c ./Core/Src/main.o
 .debug_macro   0x00017331       0x16 ./Core/Src/main.o
 .debug_macro   0x00017347      0x146 ./Core/Src/main.o
 .debug_macro   0x0001748d      0x1d0 ./Core/Src/stm32f1xx_hal_msp.o
 .debug_macro   0x0001765d      0x1da ./Core/Src/stm32f1xx_it.o
 .debug_macro   0x00017837      0x1c1 ./Core/Src/system_stm32f1xx.o
 .debug_macro   0x000179f8      0x1e5 ./Drivers/STM32F1xx_HAL_Driver/Src/stm32f1xx_hal.o
 .debug_macro   0x00017bdd      0x1de ./Drivers/STM32F1xx_HAL_Driver/Src/stm32f1xx_hal_adc.o
 .debug_macro   0x00017dbb      0x1d3 ./Drivers/STM32F1xx_HAL_Driver/Src/stm32f1xx_hal_adc_ex.o
 .debug_macro   0x00017f8e      0x1c1 ./Drivers/STM32F1xx_HAL_Driver/Src/stm32f1xx_hal_cortex.o
 .debug_macro   0x0001814f      0x22c ./Drivers/STM32F1xx_HAL_Driver/Src/stm32f1xx_hal_gpio.o
 .debug_macro   0x0001837b      0x1d3 ./Drivers/STM32F1xx_HAL_Driver/Src/stm32f1xx_hal_rcc.o
 .debug_macro   0x0001854e      0x1c1 ./Drivers/STM32F1xx_HAL_Driver/Src/stm32f1xx_hal_rcc_ex.o
 .debug_macro   0x0001870f      0x1c9 ./Drivers/STM32F1xx_HAL_Driver/Src/stm32f1xx_hal_spi.o
 .debug_macro   0x000188d8      0x1c2 ./Drivers/STM32F1xx_HAL_Driver/Src/stm32f1xx_hal_tim.o
 .debug_macro   0x00018a9a      0x1c1 ./Drivers/STM32F1xx_HAL_Driver/Src/stm32f1xx_hal_tim_ex.o
 .debug_macro   0x00018c5b      0x1c2 ./Drivers/STM32F1xx_HAL_Driver/Src/stm32f1xx_hal_uart.o

.debug_line     0x00000000    0x13715
 .debug_line    0x00000000     0x1543 ./Core/Src/GFX_FUNCTIONS.o
 .debug_line    0x00001543      0xb63 ./Core/Src/ST7735.o
 .debug_line    0x000020a6      0x412 ./Core/Src/fonts.o
 .debug_line    0x000024b8      0xf0b ./Core/Src/main.o
 .debug_line    0x000033c3      0x89d ./Core/Src/stm32f1xx_hal_msp.o
 .debug_line    0x00003c60      0x85a ./Core/Src/stm32f1xx_it.o
 .debug_line    0x000044ba      0x7cb ./Core/Src/system_stm32f1xx.o
 .debug_line    0x00004c85       0x78 ./Core/Startup/startup_stm32f103c8tx.o
 .debug_line    0x00004cfd      0x9f8 ./Drivers/STM32F1xx_HAL_Driver/Src/stm32f1xx_hal.o
 .debug_line    0x000056f5     0x1075 ./Drivers/STM32F1xx_HAL_Driver/Src/stm32f1xx_hal_adc.o
 .debug_line    0x0000676a      0xdaf ./Drivers/STM32F1xx_HAL_Driver/Src/stm32f1xx_hal_adc_ex.o
 .debug_line    0x00007519      0xbe4 ./Drivers/STM32F1xx_HAL_Driver/Src/stm32f1xx_hal_cortex.o
 .debug_line    0x000080fd      0xa91 ./Drivers/STM32F1xx_HAL_Driver/Src/stm32f1xx_hal_gpio.o
 .debug_line    0x00008b8e      0xe01 ./Drivers/STM32F1xx_HAL_Driver/Src/stm32f1xx_hal_rcc.o
 .debug_line    0x0000998f      0x942 ./Drivers/STM32F1xx_HAL_Driver/Src/stm32f1xx_hal_rcc_ex.o
 .debug_line    0x0000a2d1     0x1caa ./Drivers/STM32F1xx_HAL_Driver/Src/stm32f1xx_hal_spi.o
 .debug_line    0x0000bf7b     0x3502 ./Drivers/STM32F1xx_HAL_Driver/Src/stm32f1xx_hal_tim.o
 .debug_line    0x0000f47d     0x1957 ./Drivers/STM32F1xx_HAL_Driver/Src/stm32f1xx_hal_tim_ex.o
 .debug_line    0x00010dd4     0x2941 ./Drivers/STM32F1xx_HAL_Driver/Src/stm32f1xx_hal_uart.o

.debug_str      0x00000000    0x91a25
 .debug_str     0x00000000    0x8cc58 ./Core/Src/GFX_FUNCTIONS.o
                              0x8cfc3 (size before relaxing)
 .debug_str     0x0008cc58      0x5ac ./Core/Src/ST7735.o
                              0x8a1c1 (size before relaxing)
 .debug_str     0x0008d204       0x51 ./Core/Src/fonts.o
                               0x3d5a (size before relaxing)
 .debug_str     0x0008d255     0x1609 ./Core/Src/main.o
                              0x8e9ba (size before relaxing)
 .debug_str     0x0008e85e      0x12c ./Core/Src/stm32f1xx_hal_msp.o
                              0x8a476 (size before relaxing)
 .debug_str     0x0008e98a      0x12b ./Core/Src/stm32f1xx_it.o
                              0x89d68 (size before relaxing)
 .debug_str     0x0008eab5       0x7e ./Core/Src/system_stm32f1xx.o
                              0x894bd (size before relaxing)
 .debug_str     0x0008eb33       0x44 ./Core/Startup/startup_stm32f103c8tx.o
                                 0x84 (size before relaxing)
 .debug_str     0x0008eb77      0x37a ./Drivers/STM32F1xx_HAL_Driver/Src/stm32f1xx_hal.o
                              0x89bf0 (size before relaxing)
 .debug_str     0x0008eef1      0x335 ./Drivers/STM32F1xx_HAL_Driver/Src/stm32f1xx_hal_adc.o
                              0x89ba1 (size before relaxing)
 .debug_str     0x0008f226      0x2d8 ./Drivers/STM32F1xx_HAL_Driver/Src/stm32f1xx_hal_adc_ex.o
                              0x89b71 (size before relaxing)
 .debug_str     0x0008f4fe      0x28a ./Drivers/STM32F1xx_HAL_Driver/Src/stm32f1xx_hal_cortex.o
                              0x89b3c (size before relaxing)
 .debug_str     0x0008f788      0x29a ./Drivers/STM32F1xx_HAL_Driver/Src/stm32f1xx_hal_gpio.o
                              0x89843 (size before relaxing)
 .debug_str     0x0008fa22      0x229 ./Drivers/STM32F1xx_HAL_Driver/Src/stm32f1xx_hal_rcc.o
                              0x898ec (size before relaxing)
 .debug_str     0x0008fc4b       0x84 ./Drivers/STM32F1xx_HAL_Driver/Src/stm32f1xx_hal_rcc_ex.o
                              0x8963c (size before relaxing)
 .debug_str     0x0008fccf      0x536 ./Drivers/STM32F1xx_HAL_Driver/Src/stm32f1xx_hal_spi.o
                              0x89de9 (size before relaxing)
 .debug_str     0x00090205      0xd8b ./Drivers/STM32F1xx_HAL_Driver/Src/stm32f1xx_hal_tim.o
                              0x8a8de (size before relaxing)
 .debug_str     0x00090f90      0x493 ./Drivers/STM32F1xx_HAL_Driver/Src/stm32f1xx_hal_tim_ex.o
                              0x8a0fa (size before relaxing)
 .debug_str     0x00091423      0x602 ./Drivers/STM32F1xx_HAL_Driver/Src/stm32f1xx_hal_uart.o
                              0x89f5d (size before relaxing)

.comment        0x00000000       0x43
 .comment       0x00000000       0x43 ./Core/Src/GFX_FUNCTIONS.o
                                 0x44 (size before relaxing)
 .comment       0x00000043       0x44 ./Core/Src/ST7735.o
 .comment       0x00000043       0x44 ./Core/Src/fonts.o
 .comment       0x00000043       0x44 ./Core/Src/main.o
 .comment       0x00000043       0x44 ./Core/Src/stm32f1xx_hal_msp.o
 .comment       0x00000043       0x44 ./Core/Src/stm32f1xx_it.o
 .comment       0x00000043       0x44 ./Core/Src/system_stm32f1xx.o
 .comment       0x00000043       0x44 ./Drivers/STM32F1xx_HAL_Driver/Src/stm32f1xx_hal.o
 .comment       0x00000043       0x44 ./Drivers/STM32F1xx_HAL_Driver/Src/stm32f1xx_hal_adc.o
 .comment       0x00000043       0x44 ./Drivers/STM32F1xx_HAL_Driver/Src/stm32f1xx_hal_adc_ex.o
 .comment       0x00000043       0x44 ./Drivers/STM32F1xx_HAL_Driver/Src/stm32f1xx_hal_cortex.o
 .comment       0x00000043       0x44 ./Drivers/STM32F1xx_HAL_Driver/Src/stm32f1xx_hal_gpio.o
 .comment       0x00000043       0x44 ./Drivers/STM32F1xx_HAL_Driver/Src/stm32f1xx_hal_rcc.o
 .comment       0x00000043       0x44 ./Drivers/STM32F1xx_HAL_Driver/Src/stm32f1xx_hal_rcc_ex.o
 .comment       0x00000043       0x44 ./Drivers/STM32F1xx_HAL_Driver/Src/stm32f1xx_hal_spi.o
 .comment       0x00000043       0x44 ./Drivers/STM32F1xx_HAL_Driver/Src/stm32f1xx_hal_tim.o
 .comment       0x00000043       0x44 ./Drivers/STM32F1xx_HAL_Driver/Src/stm32f1xx_hal_tim_ex.o
 .comment       0x00000043       0x44 ./Drivers/STM32F1xx_HAL_Driver/Src/stm32f1xx_hal_uart.o

.debug_frame    0x00000000     0x47e0
 .debug_frame   0x00000000      0x478 ./Core/Src/GFX_FUNCTIONS.o
 .debug_frame   0x00000478      0x23c ./Core/Src/ST7735.o
 .debug_frame   0x000006b4      0x2b0 ./Core/Src/main.o
 .debug_frame   0x00000964      0x158 ./Core/Src/stm32f1xx_hal_msp.o
 .debug_frame   0x00000abc      0x158 ./Core/Src/stm32f1xx_it.o
 .debug_frame   0x00000c14       0x58 ./Core/Src/system_stm32f1xx.o
 .debug_frame   0x00000c6c      0x334 ./Drivers/STM32F1xx_HAL_Driver/Src/stm32f1xx_hal.o
 .debug_frame   0x00000fa0      0x40c ./Drivers/STM32F1xx_HAL_Driver/Src/stm32f1xx_hal_adc.o
 .debug_frame   0x000013ac      0x200 ./Drivers/STM32F1xx_HAL_Driver/Src/stm32f1xx_hal_adc_ex.o
 .debug_frame   0x000015ac      0x428 ./Drivers/STM32F1xx_HAL_Driver/Src/stm32f1xx_hal_cortex.o
 .debug_frame   0x000019d4      0x14c ./Drivers/STM32F1xx_HAL_Driver/Src/stm32f1xx_hal_gpio.o
 .debug_frame   0x00001b20      0x218 ./Drivers/STM32F1xx_HAL_Driver/Src/stm32f1xx_hal_rcc.o
 .debug_frame   0x00001d38       0x80 ./Drivers/STM32F1xx_HAL_Driver/Src/stm32f1xx_hal_rcc_ex.o
 .debug_frame   0x00001db8      0x824 ./Drivers/STM32F1xx_HAL_Driver/Src/stm32f1xx_hal_spi.o
 .debug_frame   0x000025dc     0x11bc ./Drivers/STM32F1xx_HAL_Driver/Src/stm32f1xx_hal_tim.o
 .debug_frame   0x00003798      0x638 ./Drivers/STM32F1xx_HAL_Driver/Src/stm32f1xx_hal_tim_ex.o
 .debug_frame   0x00003dd0      0x944 ./Drivers/STM32F1xx_HAL_Driver/Src/stm32f1xx_hal_uart.o
 .debug_frame   0x00004714       0x38 C:/ST/STM32CubeIDE_1.10.1/STM32CubeIDE/plugins/com.st.stm32cube.ide.mcu.externaltools.gnu-tools-for-stm32.12.3.rel1.win32_1.0.200.202406191623/tools/bin/../lib/gcc/arm-none-eabi/12.3.1/../../../../arm-none-eabi/lib/thumb/v7-m/nofp\libc_nano.a(libc_a-itoa.o)
 .debug_frame   0x0000474c       0x48 C:/ST/STM32CubeIDE_1.10.1/STM32CubeIDE/plugins/com.st.stm32cube.ide.mcu.externaltools.gnu-tools-for-stm32.12.3.rel1.win32_1.0.200.202406191623/tools/bin/../lib/gcc/arm-none-eabi/12.3.1/../../../../arm-none-eabi/lib/thumb/v7-m/nofp\libc_nano.a(libc_a-utoa.o)
 .debug_frame   0x00004794       0x20 C:/ST/STM32CubeIDE_1.10.1/STM32CubeIDE/plugins/com.st.stm32cube.ide.mcu.externaltools.gnu-tools-for-stm32.12.3.rel1.win32_1.0.200.202406191623/tools/bin/../lib/gcc/arm-none-eabi/12.3.1/../../../../arm-none-eabi/lib/thumb/v7-m/nofp\libc_nano.a(libc_a-memset.o)
 .debug_frame   0x000047b4       0x2c C:/ST/STM32CubeIDE_1.10.1/STM32CubeIDE/plugins/com.st.stm32cube.ide.mcu.externaltools.gnu-tools-for-stm32.12.3.rel1.win32_1.0.200.202406191623/tools/bin/../lib/gcc/arm-none-eabi/12.3.1/../../../../arm-none-eabi/lib/thumb/v7-m/nofp\libc_nano.a(libc_a-init.o)

.debug_line_str
                0x00000000       0x68
 .debug_line_str
                0x00000000       0x68 ./Core/Startup/startup_stm32f103c8tx.o
