../Core/Src/main.c:135:5:main	8	static
../Core/Src/main.c:204:6:SystemClock_Config	88	static
../Core/Src/main.c:251:13:MX_ADC1_Init	24	static
../Core/Src/main.c:298:13:MX_ADC2_Init	24	static
../Core/Src/main.c:345:13:MX_TIM2_Init	32	static
../Core/Src/main.c:390:13:MX_USART3_UART_Init	8	static
../Core/Src/main.c:423:13:MX_GPIO_Init	40	static
../Core/Src/main.c:482:6:HAL_GPIO_EXTI_Callback	16	static
../Core/Src/main.c:493:6:HAL_TIM_PeriodElapsedCallback	16	static
../Core/Src/main.c:518:9:ADC_Conversion	8	static
../Core/Src/main.c:554:6:Swap_Buffer	16	static
../Core/Src/main.c:565:6:UART_TX_PING	8	static
../Core/Src/main.c:576:6:UART_TX_PONG	8	static
../Core/Src/main.c:586:6:fsm	24	static
../Core/Src/main.c:681:6:Error_Handler	4	static,ignoring_inline_asm
